// Jest Snapshot v1, https://goo.gl/fbAQLP

exports[`index custom buble options 1`] = `
"'use strict';

var a = {};

var b = sign({}, a);

module.exports = b;
"
`;

exports[`index ignore js plugin 1`] = `
"'use strict';

Object.defineProperty(exports, '__esModule', { value: true });

const foo = () => 'foo';

exports.foo = foo;
"
`;

exports[`index use typescript 1`] = `
"'use strict';

var index = function (_a) {
    var _b = (_a === void 0 ? {} : _a).a, a = _b === void 0 ? 123 : _b;
    return a;
};

module.exports = index;
"
`;
